Central Intelligence Agency=https://upload.wikimedia.org/wikipedia/commons/2/25/Seal_of_the_Central_Intelligence_Agency.svg
House of Representatives=https://upload.wikimedia.org/wikipedia/commons/1/1a/Seal_of_the_United_States_House_of_Representatives.svg
Air National Guard Units=https://upload.wikimedia.org/wikipedia/commons/0/0d/US-AirNationalGuard-2007Emblem.svg
Federal Bureau of Investigation=https://upload.wikimedia.org/wikipedia/commons/7/72/New_seal_of_the_Federal_Bureau_of_Investigation.svg
Air Mobility Command=https://upload.wikimedia.org/wikipedia/commons/9/9b/Air_Mobility_Command.svg
Air Education and Training Command=https://upload.wikimedia.org/wikipedia/commons/1/17/Air_Education_and_Training_Command.svg
U.S. Courts=https://upload.wikimedia.org/wikipedia/commons/0/07/United_States_Courts.svg
Judicial Branch - Agency Wide=https://www.fjc.gov/sites/default/files/FJCLogo_4.png
U.S. Coast Guard=https://upload.wikimedia.org/wikipedia/commons/5/57/Seal_of_the_United_States_Coast_Guard.svg
U.S. Air Forces, Europe=https://upload.wikimedia.org/wikipedia/commons/e/e8/United_States_Air_Forces_in_Europe.svg
Army National Guard Units=https://upload.wikimedia.org/wikipedia/commons/b/be/Seal_of_the_Army_National_Guard.png
Commander, Navy Installations Command=https://upload.wikimedia.org/wikipedia/commons/1/18/U.S._Navy_Installations_Command_logo.png
Immigration and Customs Enforcement=https://upload.wikimedia.org/wikipedia/commons/3/3c/Seal_of_Immigration_and_Customs_Enforcement.svg
Federal Aviation Administration=https://upload.wikimedia.org/wikipedia/commons/c/c8/Seal_of_the_United_States_Federal_Aviation_Administration.svg
Forest Service=https://upload.wikimedia.org/wikipedia/commons/d/d0/Logo_of_the_United_States_Forest_Service.svg
Air Force Materiel Command=https://upload.wikimedia.org/wikipedia/commons/d/da/Air_Force_Materiel_Command_shield.svg
Air Combat Command=https://upload.wikimedia.org/wikipedia/commons/7/78/ACC_Shield.svg
United States Space Force=https://upload.wikimedia.org/wikipedia/commons/2/29/Seal_of_the_United_States_Space_Force.svg
Air Force Global Strike Command=https://upload.wikimedia.org/wikipedia/commons/1/1c/Air_Force_Global_Strike_Command.svg
Veterans Health Administration=https://upload.wikimedia.org/wikipedia/commons/0/05/Seal_of_the_U.S._Department_of_Veterans_Affairs.svg
Executive Office for U.S. Attorneys and the Office of the U.S. Attorneys=https://upload.wikimedia.org/wikipedia/commons/5/54/Seal_of_the_United_States_Department_of_Justice.svg
U.S. Marine Corps=https://upload.wikimedia.org/wikipedia/commons/9/9f/Emblem_of_the_United_States_Marine_Corps.svg
Federal Emergency Management Agency=https://upload.wikimedia.org/wikipedia/commons/6/67/FEMA_logo.svg
Patent and Trademark Office=https://upload.wikimedia.org/wikipedia/commons/7/75/Seal_of_the_United_States_Patent_and_Trademark_Office.svg
Transportation Security Administration=https://upload.wikimedia.org/wikipedia/commons/e/e4/Transportation_Security_Administration_seal.svg
Citizenship and Immigration Services=https://upload.wikimedia.org/wikipedia/commons/a/a3/USCIS_logo_English.svg
U.S. Army Reserve Command=https://upload.wikimedia.org/wikipedia/commons/8/8e/US_Army_Reserve_Command_SSI.svg
Bureau of Prisons/Federal Prison System=https://upload.wikimedia.org/wikipedia/commons/c/c7/Seal_of_the_Federal_Bureau_of_Prisons.svg
United States Fleet Forces Command=https://upload.wikimedia.org/wikipedia/commons/c/c6/Seal_of_the_Commander_of_the_United_States_Fleet_Forces_Command.svg
Defense Health Agency=https://upload.wikimedia.org/wikipedia/commons/0/00/Logo_of_Defense_Health_Agency.svg
Defense Logistics Agency=https://upload.wikimedia.org/wikipedia/commons/2/23/Seal_of_the_Defense_Logistics_Agency.svg
U.S. Pacific Fleet=https://upload.wikimedia.org/wikipedia/commons/5/59/Seal_of_the_Commander_of_the_United_States_Pacific_Fleet.svg
Military Treatment Facilities under DHA=https://upload.wikimedia.org/wikipedia/commons/0/00/Logo_of_Defense_Health_Agency.svg
Defense Commissary Agency=https://upload.wikimedia.org/wikipedia/commons/7/74/Seal_of_the_Defense_Commissary_Agency.png
U.S. Army Corps of Engineers=https://upload.wikimedia.org/wikipedia/commons/d/df/USACE.gif
Customs and Border Protection=https://upload.wikimedia.org/wikipedia/commons/0/08/Seal_of_U.S._Customs_and_Border_Protection.png
Department of the Navy - Agency Wide=https://upload.wikimedia.org/wikipedia/commons/0/09/Seal_of_the_United_States_Department_of_the_Navy.svg
U.S. Army Joint Munitions Command=https://upload.wikimedia.org/wikipedia/commons/a/ac/JMClogo.JPG
Maritime Administration=https://upload.wikimedia.org/wikipedia/commons/e/e6/US-MaritimeAdministration-Seal.svg
Naval Sea Systems Command=https://upload.wikimedia.org/wikipedia/commons/3/32/NAVSEA_logo.jpg
Naval Special Warfare Command=https://upload.wikimedia.org/wikipedia/commons/1/12/US_NSWC_insignia.jpg
Naval Air Systems Command=https://upload.wikimedia.org/wikipedia/commons/2/20/Seal_of_Naval_Air_Systems_Command.png
Air Force Civilian Career Training=
Federal Highway Administration=
Department of Defense Education Activity=
